// Jest Snapshot v1, https://goo.gl/fbAQLP

exports[`SplashScreen matches snapshot when is visible without text 1`] = `null`;
