// Jest Snapshot v1, https://goo.gl/fbAQLP

exports[`SplashScreen matches snapshot when is visible with some text 1`] = `
.emotion-3 * {
  font-family: "Rubik",sans-serif;
}

.emotion-3 a {
  -webkit-text-decoration: none;
  text-decoration: none;
  color: inherit;
}

.emotion-3 b,
.emotion-3 strong {
  font-weight: 500;
}

.emotion-2 {
  position: fixed;
  top: 0;
  left: 0;
  width: 100vw;
  height: 100vh;
  z-index: 999999;
  background: #212121;
  display: -webkit-box;
  display: -webkit-flex;
  display: -ms-flexbox;
  display: flex;
  -webkit-flex-direction: column;
  -ms-flex-direction: column;
  flex-direction: column;
  -webkit-align-items: center;
  -webkit-box-align: center;
  -ms-flex-align: center;
  align-items: center;
  -webkit-box-pack: center;
  -webkit-justify-content: center;
  -ms-flex-pack: center;
  justify-content: center;
}

.emotion-0 {
  width: 130px;
  height: 130px;
  position: relative;
}

.emotion-0 > svg {
  stroke-width: 7;
  stroke-linecap: round;
  stroke-linejoin: round;
  stroke: black;
}

.emotion-1 {
  margin-top: 32px;
  color: rgba(135,155,166,0.7);
}

<div
  className="emotion-3"
>
  <div>
    <div
      className="emotion-2"
    >
      <div
        className="emotion-0"
      >
        <svg
          height="100%"
          viewBox="0 0 300 300"
          width="100%"
        >
          <defs>
            <linearGradient
              gradientUnits="userSpaceOnUse"
              id="gradient"
              x1="0%"
              x2="0%"
              y1="0%"
              y2="100%"
            >
              <stop
                offset="0%"
                style={
                  Object {
                    "stopColor": "#3DB5D0",
                    "stopOpacity": 1,
                  }
                }
              />
              <stop
                offset="100%"
                style={
                  Object {
                    "stopColor": "#247488",
                    "stopOpacity": 1,
                  }
                }
              />
            </linearGradient>
          </defs>
          <polygon
            className="first"
            fill="none"
            id="1"
            points="5,228 195,5 295,280"
            stroke="url('#gradient')"
          />
          <polyline
            className="second"
            fill="none"
            id="2"
            points="5,228 132,188 295,280"
            stroke="url('#gradient')"
          />
          <polyline
            className="third"
            fill="none"
            id="3"
            points="132,188 195,5"
            stroke="url('#gradient')"
          />
        </svg>
      </div>
      <div
        className="emotion-1"
      >
        Loading...
      </div>
    </div>
  </div>
</div>
`;

exports[`SplashScreen matches snapshot when is visible without text 1`] = `null`;
